
> optimizify-v2@0.1.0 build /Users/imrulafnan/Projects/optimizify/optimizify-v2
> next build

▲ Next.js 16.1.6 (Turbopack)

  Creating an optimized production build ...
 ELIFECYCLE  Command failed with exit code 1.
